******************************************************************************
               TMS320C6x Linker PC v7.3.1                      
******************************************************************************
>> Linked Sat May 20 23:44:12 2023

OUTPUT FILE NAME:   <DSP KIT FINAL YEAR PROJECT.out>
ENTRY POINT SYMBOL: "_c_int00"  address: 00009140


MEMORY CONFIGURATION

         name            origin    length      used     unused   attr    fill
----------------------  --------  ---------  --------  --------  ----  --------
  IVECS                 00000000   00000220  00000200  00000020  RWIX
  IRAM                  00000220   0002fde0  0001548e  0001a952  RWIX
  SDRAM                 80000000   01000000  00000000  01000000  RWIX
  FLASH                 90000000   00020000  00000000  00020000  RWIX


SECTION ALLOCATION MAP

 output                                  attributes/
section   page    origin      length       input sections
--------  ----  ----------  ----------   ----------------
.vectors   0    00000000    00000200     
                  00000000    00000200     Vectors_intr.obj (.vectors)

.text      0    00000220    00009400     
                  00000220    00002420     main.obj (.text)
                  00002640    00000740     rts6700.lib : divd.obj (.text:__divd)
                  00002d80    00000720     c6713dskinit.obj (.text)
                  000034a0    00000480     dsk6713bsl.lib : dsk6713.obj (.text)
                  00003920    000003c0     rts6700.lib : fputs.obj (.text:_fputs)
                  00003ce0    00000380                 : memory.obj (.text:_free)
                  00004060    00000360                 : cos.obj (.text:_cos)
                  000043c0    00000340                 : divf.obj (.text:__divf)
                  00004700    00000340                 : sin.obj (.text:_sin)
                  00004a40    00000300     dsk6713bsl.lib : dsk6713_aic23_opencodec.obj (.text)
                  00004d40    000002c0     main.obj (.text:retain)
                  00005000    00000280     cfftr2_dit.obj (.text)
                  00005280    00000260     rts6700.lib : exp.obj (.text:_exp)
                  000054e0    00000260                 : log.obj (.text:_log)
                  00005740    00000240                 : memory.obj (.text:_malloc)
                  00005980    00000240                 : memcpy62.obj (.text:_memcpy)
                  00005bc0    00000240     digitrev_index.obj (.text)
                  00005e00    00000220     rts6700.lib : trgdrv.obj (.text:_HOSTrename)
                  00006020    00000200                 : setvbuf.obj (.text:_setvbuf)
                  00006220    000001e0                 : lowlev.obj (.text:_getdevice)
                  00006400    000001e0     dsk6713bsl.lib : dsk6713_led.obj (.text)
                  000065e0    000001c0     csl6713.lib : csl_irq.obj (.text:_IRQ_map)
                  000067a0    000001a0                 : csl_mcbsp.obj (.text:_MCBSP_reset)
                  00006940    000001a0     rts6700.lib : sqrt.obj (.text:_sqrt)
                  00006ae0    000001a0     bitrev.obj (.text)
                  00006c80    00000180     rts6700.lib : ldexp.obj (.text:_ldexp)
                  00006e00    00000160                 : trgdrv.obj (.text:_HOSTlseek)
                  00006f60    00000160                 : autoinit.obj (.text:__auto_init)
                  000070c0    00000160                 : fclose.obj (.text:_fclose)
                  00007220    00000140                 : trgdrv.obj (.text:_HOSTread)
                  00007360    00000140                 : frcmpyd_div.obj (.text:__frcmpyd_div)
                  000074a0    00000140                 : frexp.obj (.text:_frexp)
                  000075e0    00000140     dsk6713bsl.lib : dsk6713_aic23_registers.obj (.text)
                  00007720    00000120     rts6700.lib : trgdrv.obj (.text:_HOSTopen)
                  00007840    00000120                 : trgdrv.obj (.text:_HOSTwrite)
                  00007960    00000120                 : fopen.obj (.text:__cleanup)
                  00007a80    00000120                 : divi.obj (.text:__divi)
                  00007ba0    00000120                 : _io_perm.obj (.text:__wrt_ok)
                  00007cc0    00000120                 : lowlev.obj (.text:_close)
                  00007de0    00000120                 : exit.obj (.text:_exit)
                  00007f00    00000120                 : lowlev.obj (.text:_lseek)
                  00008020    00000120                 : lowlev.obj (.text:_write)
                  00008140    00000100                 : trgdrv.obj (.text:_HOSTclose)
                  00008240    00000100                 : trgdrv.obj (.text:_HOSTunlink)
                  00008340    00000100     csl6713.lib : csl_mcbsp.obj (.text:_MCBSP_open)
                  00008440    00000100                 : csl_mcbsp.obj (.text:_MCBSP_start)
                  00008540    00000100     rts6700.lib : fseek.obj (.text:_fseek)
                  00008640    000000e0                 : fflush.obj (.text:__doflush)
                  00008720    000000e0                 : strasg.obj (.text:__strasg)
                  00008800    000000e0                 : memory.obj (.text:_minsert)
                  000088e0    000000e0                 : memory.obj (.text:_mremove)
                  000089c0    000000c0                 : round.obj (.text:__nround)
                  00008a80    000000c0                 : cpy_tbl.obj (.text:_copy_in)
                  00008b40    000000c0                 : lowlev.obj (.text:_finddevice)
                  00008c00    000000c0                 : modf.obj (.text:_modf)
                  00008cc0    000000c0     dsk6713bsl.lib : dsk6713_aic23_setfreq.obj (.text)
                  00008d80    000000a0     csl6713.lib : csl_mcbsp.obj (.text:_MCBSP_config)
                  00008e20    000000a0     rts6700.lib : mpyll.obj (.text:__mpyll)
                  00008ec0    000000a0                 : trgmsg.obj (.text:_readmsg)
                  00008f60    000000a0     csl6713.lib : csl_irq.obj (.text:_setMux)
                  00009000    000000a0     rts6700.lib : lowlev.obj (.text:_unlink)
                  000090a0    000000a0                 : trgmsg.obj (.text:_writemsg)
                  00009140    00000080                 : boot.obj (.text:_c_int00)
                  000091c0    00000080                 : log10.obj (.text:_log10)
                  00009240    00000080     dsk6713bsl.lib : dsk6713_dip.obj (.text)
                  000092c0    00000060     rts6700.lib : llshift.obj (.text:__llshru)
                  00009320    00000060                 : fputs.obj (.text:_puts)
                  00009380    00000040     csl6713.lib : csl_irq.obj (.text:_IRQ_enable)
                  000093c0    00000040                 : csl_irq.obj (.text:_IRQ_reset)
                  00009400    00000040     rts6700.lib : args_main.obj (.text:__args_main)
                  00009440    00000040                 : trunc.obj (.text:__trunc)
                  00009480    00000020     Vectors_intr.obj (.text)
                  000094a0    00000020     csl6713.lib : csl_irq.obj (.text:_IRQ_globalDisable)
                  000094c0    00000020                 : csl_irq.obj (.text:_IRQ_globalEnable)
                  000094e0    00000020                 : csl_irq.obj (.text:_IRQ_nmiEnable)
                  00009500    00000020                 : csl_mcbsp.obj (.text:_MCBSP_getRcvEventId)
                  00009520    00000020                 : csl_mcbsp.obj (.text:_MCBSP_read)
                  00009540    00000020                 : csl_mcbsp.obj (.text:_MCBSP_rrdy)
                  00009560    00000020                 : csl_mcbsp.obj (.text:_MCBSP_write)
                  00009580    00000020                 : csl_mcbsp.obj (.text:_MCBSP_xrdy)
                  000095a0    00000020     rts6700.lib : _lock.obj (.text:__nop)
                  000095c0    00000020                 : exit.obj (.text:_abort)
                  000095e0    00000020                 : remove.obj (.text:_remove)
                  00009600    00000020     csl6713.lib : csl_irq.obj (.text)

.bss       0    00000220    00000000     UNINITIALIZED

.far       0    00009620    00007a8c     UNINITIALIZED
                  00009620    000072a0     main.obj (.far)
                  000108c0    00000324     rts6700.lib : defs.obj (.far)
                  00010be4    0000011c                 : lowlev.obj (.far)
                  00010d00    000000f4     csl6713.lib : csl_irq.obj (.far)
                  00010df4    000000d0     rts6700.lib : trgdrv.obj (.far)
                  00010ec4    00000058     c6713dskinit.obj (.far)
                  00010f1c    00000004     rts6700.lib : errno.obj (.far)
                  00010f20    00000040                 : cos.obj (.far)
                  00010f60    00000040                 : sin.obj (.far)
                  00010fa0    00000038     csl6713.lib : csl_mcbsp.obj (.far)
                  00010fd8    00000030     rts6700.lib : exp.obj (.far)
                  00011008    00000030                 : log.obj (.far)
                  00011038    00000028     dsk6713bsl.lib : dsk6713_aic23_registers.obj (.far)
                  00011060    00000020                    : dsk6713_aic23_setfreq.obj (.far)
                  00011080    0000000c     rts6700.lib : exit.obj (.far)
                  0001108c    00000008     dsk6713bsl.lib : dsk6713_aic23_opencodec.obj (.far)
                  00011094    00000008     rts6700.lib : _lock.obj (.far)
                  0001109c    00000008                 : memory.obj (.far)
                  000110a4    00000004                 : fopen.obj (.far)
                  000110a8    00000002     dsk6713bsl.lib : dsk6713.obj (.far)
                  000110aa    00000002                    : dsk6713_led.obj (.far)

.cinit     0    000110b0    000039fc     
                  000110b0    0000354a     main.obj (.cinit)
                  000145fa    00000006     --HOLE-- [fill = 0]
                  00014600    0000012c     csl6713.lib : csl_irq.obj (.cinit)
                  0001472c    00000004     --HOLE-- [fill = 0]
                  00014730    0000005c     rts6700.lib : defs.obj (.cinit)
                  0001478c    00000004     --HOLE-- [fill = 0]
                  00014790    0000005c                 : lowlev.obj (.cinit)
                  000147ec    00000004     --HOLE-- [fill = 0]
                  000147f0    00000058     c6713dskinit.obj (.cinit)
                  00014848    00000054     csl6713.lib : csl_mcbsp.obj (.cinit)
                  0001489c    00000004     --HOLE-- [fill = 0]
                  000148a0    00000048     rts6700.lib : cos.obj (.cinit)
                  000148e8    00000048                 : sin.obj (.cinit)
                  00014930    00000040                 : exp.obj (.cinit)
                  00014970    00000040                 : log.obj (.cinit)
                  000149b0    00000030     dsk6713bsl.lib : dsk6713_aic23_registers.obj (.cinit)
                  000149e0    0000002c     rts6700.lib : exit.obj (.cinit)
                  00014a0c    00000004     --HOLE-- [fill = 0]
                  00014a10    0000002c                 : memory.obj (.cinit)
                  00014a3c    00000004     --HOLE-- [fill = 0]
                  00014a40    00000028     dsk6713bsl.lib : dsk6713_aic23_setfreq.obj (.cinit)
                  00014a68    0000001c     rts6700.lib : _lock.obj (.cinit)
                  00014a84    00000004     --HOLE-- [fill = 0]
                  00014a88    0000000c                 : errno.obj (.cinit)
                  00014a94    00000004     --HOLE-- [fill = 0]
                  00014a98    0000000c                 : fopen.obj (.cinit)
                  00014aa4    00000004     --HOLE-- [fill = 0]
                  00014aa8    00000004     (.pad.cinit) [fill = 0]

.stack     0    00014ab0    00000500     UNINITIALIZED
                  00014ab0    00000008     rts6700.lib : boot.obj (.stack)
                  00014ab8    000004f8     --HOLE--

.sysmem    0    00014fb0    00000500     UNINITIALIZED
                  00014fb0    00000008     rts6700.lib : memory.obj (.sysmem)
                  00014fb8    000004f8     --HOLE--

.cio       0    000154b0    00000120     UNINITIALIZED
                  000154b0    00000120     rts6700.lib : trgmsg.obj (.cio)

.const     0    000155d0    000000c6     
                  000155d0    00000064     main.obj (.const)
                  00015634    00000040     dsk6713bsl.lib : dsk6713_aic23_opencodec.obj (.const)
                  00015674    00000020                    : dsk6713.obj (.const)
                  00015694    00000002     rts6700.lib : fputs.obj (.const)

.switch    0    00015698    00000020     
                  00015698    00000020     main.obj (.switch:_main)


GLOBAL SYMBOLS: SORTED ALPHABETICALLY BY Name 

address    name
--------   ----
00000220   $bss
00000220   .bss
00000220   .text
000095c0   C$$EXIT
00009118   C$$IO$$
00010ed0   _AIC23CfgData
00010ec4   _AIC_data
0001108c   _DSK6713_AIC23_codeccontrolhandle
00011090   _DSK6713_AIC23_codecdatahandle
000076a0   _DSK6713_AIC23_config
00004a40   _DSK6713_AIC23_openCodec
00007678   _DSK6713_AIC23_rget
000075e0   _DSK6713_AIC23_rset
00008cc0   _DSK6713_AIC23_setFreq
00009248   _DSK6713_DIP_get
00009240   _DSK6713_DIP_init
00006400   _DSK6713_LED_init
00006440   _DSK6713_LED_off
000064b0   _DSK6713_LED_on
00006520   _DSK6713_LED_toggle
000038b4   _DSK6713_getVersion
000034ec   _DSK6713_init
00003808   _DSK6713_rget
0000381c   _DSK6713_rset
000110a8   _DSK6713_version
00003830   _DSK6713_wait
00003888   _DSK6713_waitusec
00008140   _HOSTclose
00006e00   _HOSTlseek
00007720   _HOSTopen
00007220   _HOSTread
00005e00   _HOSTrename
00008240   _HOSTunlink
00007840   _HOSTwrite
00009380   _IRQ_enable
000094a0   _IRQ_globalDisable
000094c0   _IRQ_globalEnable
000065e0   _IRQ_map
000094e0   _IRQ_nmiEnable
000093c0   _IRQ_reset
00008d80   _MCBSP_config
00009500   _MCBSP_getRcvEventId
00008340   _MCBSP_open
00009520   _MCBSP_read
000067a0   _MCBSP_reset
00009540   _MCBSP_rrdy
00008440   _MCBSP_start
00009560   _MCBSP_write
00009580   _MCBSP_xrdy
00009c30   _W
000154b0   __CIOBUF_
00010dec   __IRQ_dispatchTable
00010d28   __IRQ_eventTable
00009600   __IRQ_hookFetchPacket
00010dac   __IRQ_intTable
00010fd0   __MCBSP_hDev0
00010fd4   __MCBSP_hDev1
00014fb0   __STACK_END
00000500   __STACK_SIZE
00000500   __SYSMEM_SIZE
00000001   __TI_args_main
00011088   ___TI_enable_exit_profile_output
ffffffff   ___TI_pprof_out_hndl
ffffffff   ___TI_prof_data_size
ffffffff   ___TI_prof_data_start
ffffffff   ___binit__
00000220   ___bss__
ffffffff   ___c_args__
000110b0   ___cinit__
00000220   ___end__
00009620   ___etext__
ffffffff   ___pinit__
00000220   ___text__
00009400   __args_main
00006f60   __auto_init
00007a80   __c6xabi_divi
00007960   __cleanup
00011080   __cleanup_ptr
00002640   __divd
000043c0   __divf
00007a80   __divi
00008640   __doflush
00011084   __dtors_ptr
00007360   __frcmpyd_div
00010be0   __ft_end
000108c0   __ftable
000092c0   __llshru
00011094   __lock
00008e20   __mpyll
000095a0   __nop
000089c0   __nround
00014ab0   __stack
00008720   __strasg
00014fb0   __sys_memory
00010aa0   __tmpnams
00009440   __trunc
00011098   __unlock
00007ba0   __wrt_ok
000095c0   _abort
0000e7ec   _avg
0000ec82   _bindex
00006ae0   _bitrev
00002d80   _c6713_dsk_init
00009140   _c_int00
00004d40   _c_int11
00001490   _calcmean
00005000   _cfftr2_dit
0000e83c   _classnames
00007cc0   _close
00002e78   _comm_intr
00002e44   _comm_poll
000006b0   _computedct
00000b8c   _computedelmfccs
00000220   _computefft
00000948   _computelogpowerspect
00000ca4   _computespectralcentroid
00000f04   _computesro
00000df0   _computezcr
00010ef0   _config
00008a80   _copy_in
00004060   _cos
00005bc0   _digitrev_index
00010f1c   _errno
00007de0   _exit
00005280   _exp
000070c0   _fclose
0000ec7e   _findex
00003920   _fputs
0000ee1c   _frame
0000f61c   _frame_dft
0000e874   _frame_in
00003ce0   _free
000074a0   _frexp
0000e860   _fs
00008540   _fseek
0000fb48   _fvin
00010868   _fvout
00010f18   _hAIC23_handle
0000b430   _hamming
00009628   _i
0000982c   _iData
0000962c   _iTwid
000108bc   _identified_class
0000ec74   _identified_class_index
00001704   _identifyclass
0000e864   _idle
0000ec7a   _index1
0000ec7c   _index2
0000e868   _inflag
00003310   _input_left_sample
000033d8   _input_right_sample
00003244   _input_sample
00009620   _j
00006c80   _ldexp
000054e0   _log
000091c0   _log10
0000fa20   _logpowerspect
00007f00   _lseek
00001af8   _main
00005740   _malloc
000015e8   _max
0000e79c   _maxval
000013e0   _mean
0000bc30   _melfilterbanks
00005980   _memcpy
0000e74c   _minval
00008c00   _modf
000010d0   _normalizeit
000012dc   _normfv
0000e870   _off
0000e86c   _on
00003084   _output_left_sample
00003164   _output_right_sample
00002fa8   _output_sample
0000fa48   _overlappingsamples
00009320   _puts
00008ec0   _readmsg
000095e0   _remove
0000ec80   _rsindex
0000ec78   _samplehold
00006020   _setvbuf
00000660   _sign
000019f4   _silencecheck
00009624   _silencethreshold
0000ec76   _silentframes
00004700   _sin
0000ec84   _sindex1
0000ec86   _sindex2
00006940   _sqrt
0000ee18   _sum
0000ec88   _surplus_samples
0000e458   _theta
00009000   _unlink
00000020   _vector1
00000140   _vector10
00000180   _vector12
000001a0   _vector13
000001c0   _vector14
000001e0   _vector15
00000040   _vector2
00000060   _vector3
00000080   _vector4
000000a0   _vector5
000000c0   _vector6
000000e0   _vector7
00000100   _vector8
00000120   _vector9
00000000   _vectors
00008020   _write
000090a0   _writemsg
0000a430   _x
ffffffff   binit
000110b0   cinit
00000220   end
00009620   etext
ffffffff   pinit


GLOBAL SYMBOLS: SORTED BY Symbol Address 

address    name
--------   ----
00000000   _vectors
00000001   __TI_args_main
00000020   _vector1
00000040   _vector2
00000060   _vector3
00000080   _vector4
000000a0   _vector5
000000c0   _vector6
000000e0   _vector7
00000100   _vector8
00000120   _vector9
00000140   _vector10
00000180   _vector12
000001a0   _vector13
000001c0   _vector14
000001e0   _vector15
00000220   $bss
00000220   .bss
00000220   .text
00000220   ___bss__
00000220   ___end__
00000220   ___text__
00000220   _computefft
00000220   end
00000500   __STACK_SIZE
00000500   __SYSMEM_SIZE
00000660   _sign
000006b0   _computedct
00000948   _computelogpowerspect
00000b8c   _computedelmfccs
00000ca4   _computespectralcentroid
00000df0   _computezcr
00000f04   _computesro
000010d0   _normalizeit
000012dc   _normfv
000013e0   _mean
00001490   _calcmean
000015e8   _max
00001704   _identifyclass
000019f4   _silencecheck
00001af8   _main
00002640   __divd
00002d80   _c6713_dsk_init
00002e44   _comm_poll
00002e78   _comm_intr
00002fa8   _output_sample
00003084   _output_left_sample
00003164   _output_right_sample
00003244   _input_sample
00003310   _input_left_sample
000033d8   _input_right_sample
000034ec   _DSK6713_init
00003808   _DSK6713_rget
0000381c   _DSK6713_rset
00003830   _DSK6713_wait
00003888   _DSK6713_waitusec
000038b4   _DSK6713_getVersion
00003920   _fputs
00003ce0   _free
00004060   _cos
000043c0   __divf
00004700   _sin
00004a40   _DSK6713_AIC23_openCodec
00004d40   _c_int11
00005000   _cfftr2_dit
00005280   _exp
000054e0   _log
00005740   _malloc
00005980   _memcpy
00005bc0   _digitrev_index
00005e00   _HOSTrename
00006020   _setvbuf
00006400   _DSK6713_LED_init
00006440   _DSK6713_LED_off
000064b0   _DSK6713_LED_on
00006520   _DSK6713_LED_toggle
000065e0   _IRQ_map
000067a0   _MCBSP_reset
00006940   _sqrt
00006ae0   _bitrev
00006c80   _ldexp
00006e00   _HOSTlseek
00006f60   __auto_init
000070c0   _fclose
00007220   _HOSTread
00007360   __frcmpyd_div
000074a0   _frexp
000075e0   _DSK6713_AIC23_rset
00007678   _DSK6713_AIC23_rget
000076a0   _DSK6713_AIC23_config
00007720   _HOSTopen
00007840   _HOSTwrite
00007960   __cleanup
00007a80   __c6xabi_divi
00007a80   __divi
00007ba0   __wrt_ok
00007cc0   _close
00007de0   _exit
00007f00   _lseek
00008020   _write
00008140   _HOSTclose
00008240   _HOSTunlink
00008340   _MCBSP_open
00008440   _MCBSP_start
00008540   _fseek
00008640   __doflush
00008720   __strasg
000089c0   __nround
00008a80   _copy_in
00008c00   _modf
00008cc0   _DSK6713_AIC23_setFreq
00008d80   _MCBSP_config
00008e20   __mpyll
00008ec0   _readmsg
00009000   _unlink
000090a0   _writemsg
00009118   C$$IO$$
00009140   _c_int00
000091c0   _log10
00009240   _DSK6713_DIP_init
00009248   _DSK6713_DIP_get
000092c0   __llshru
00009320   _puts
00009380   _IRQ_enable
000093c0   _IRQ_reset
00009400   __args_main
00009440   __trunc
000094a0   _IRQ_globalDisable
000094c0   _IRQ_globalEnable
000094e0   _IRQ_nmiEnable
00009500   _MCBSP_getRcvEventId
00009520   _MCBSP_read
00009540   _MCBSP_rrdy
00009560   _MCBSP_write
00009580   _MCBSP_xrdy
000095a0   __nop
000095c0   C$$EXIT
000095c0   _abort
000095e0   _remove
00009600   __IRQ_hookFetchPacket
00009620   ___etext__
00009620   _j
00009620   etext
00009624   _silencethreshold
00009628   _i
0000962c   _iTwid
0000982c   _iData
00009c30   _W
0000a430   _x
0000b430   _hamming
0000bc30   _melfilterbanks
0000e458   _theta
0000e74c   _minval
0000e79c   _maxval
0000e7ec   _avg
0000e83c   _classnames
0000e860   _fs
0000e864   _idle
0000e868   _inflag
0000e86c   _on
0000e870   _off
0000e874   _frame_in
0000ec74   _identified_class_index
0000ec76   _silentframes
0000ec78   _samplehold
0000ec7a   _index1
0000ec7c   _index2
0000ec7e   _findex
0000ec80   _rsindex
0000ec82   _bindex
0000ec84   _sindex1
0000ec86   _sindex2
0000ec88   _surplus_samples
0000ee18   _sum
0000ee1c   _frame
0000f61c   _frame_dft
0000fa20   _logpowerspect
0000fa48   _overlappingsamples
0000fb48   _fvin
00010868   _fvout
000108bc   _identified_class
000108c0   __ftable
00010aa0   __tmpnams
00010be0   __ft_end
00010d28   __IRQ_eventTable
00010dac   __IRQ_intTable
00010dec   __IRQ_dispatchTable
00010ec4   _AIC_data
00010ed0   _AIC23CfgData
00010ef0   _config
00010f18   _hAIC23_handle
00010f1c   _errno
00010fd0   __MCBSP_hDev0
00010fd4   __MCBSP_hDev1
00011080   __cleanup_ptr
00011084   __dtors_ptr
00011088   ___TI_enable_exit_profile_output
0001108c   _DSK6713_AIC23_codeccontrolhandle
00011090   _DSK6713_AIC23_codecdatahandle
00011094   __lock
00011098   __unlock
000110a8   _DSK6713_version
000110b0   ___cinit__
000110b0   cinit
00014ab0   __stack
00014fb0   __STACK_END
00014fb0   __sys_memory
000154b0   __CIOBUF_
ffffffff   ___TI_pprof_out_hndl
ffffffff   ___TI_prof_data_size
ffffffff   ___TI_prof_data_start
ffffffff   ___binit__
ffffffff   ___c_args__
ffffffff   ___pinit__
ffffffff   binit
ffffffff   pinit

[216 symbols]
